{
  "wind_speed": 18.36,
  "temperature_degrees": 14.65
}