{
  "wind_speed": 13,
  "temperature_degrees": 14
}